*****************************************************************
      SolidWorks Corporation - IGES Processor Status Report
*****************************************************************
=================================================================
General Information
=================================================================
Sending System Product I.D.  : cRaNIoFacIaL RecOnsTRuCtiOn 2
Receiving System Product I.D.: cRaNIoFacIaL RecOnsTRuCtiOn 2
File Name                    : G:\Bio Mechanics\cRaNIoFacIaL RecOnsTRuCtiOn 2.IGS
Sending System               : SolidWorks 2017
Preprocessor Version         : SolidWorks 2017
File Creation Date           : 180530.190326
Model Creation Date          : 180530.190326
Units                        : IN
Model Space Scale            : 1
Author                       : Muni Kumar lamborg
Organization                 : 


=================================================================
Entity Processing Information
=================================================================


=================================================================
Precision analysis of IGES file:
=================================================================
  Most prevalent number of significant digits:               3
  Highest number of significant digits:                     10
  Average number of significant digits:                4.49857
  Maximum distance to origin:                          37.5003
  Minimum distance to origin:                                0
  Effective number of significant digits:                   10


=================================================================
Entity Summary
=================================================================
-----------------------------------------------------------------
Type Name                                         Count Converted
---- ----                                         ----- ---------
100  Arc                                              4         4
102  Composite curve                                 70        70
110  Line                                           148       148
120  Surface of revolution                            1         1
124  Transformation matrix                            3         3
126  Rational B-spline curve                        174       174
128  Rational B-spline surface                       33        33
142  Curve on a parametric surface                   35        35
144  Trimmed parametric surface                      34        34
314  Color definition                                 1         1
_________________________________________________________________


=================================================================
Result Summary
=================================================================
SolidWorks Feature Type                Count
-----------------------                -----
Solid feature(s)                       3
Surface feature(s)                     0
Curve/Sketch feature(s)                0
--------------------------------------------
Start time: Wednesday, May 30, 2018 19:39:31
Finish time: Wednesday, May 30, 2018 19:39:33
Processing time: 0 days, 00 hours, 00 mins, 02 secs
